{
  "validation": {
    "positive": true,
    "adversarial_negative": false,
    "metamorphic": true,
    "composition_order": true,
    "controlled_roundtrip": true,
    "indexed_search": true,
    "korean_boundary": true,
    "pass": false
  },
  "indexed_equivalence": {
    "pass": true,
    "indexed_reuse": 1,
    "brute_reuse": 1,
    "indexed_micro": 1,
    "brute_micro": 1
  },
  "korean": [
    {
      "id": "particle_topic",
      "pass": true,
      "authority": "SYNTHETIC_REALIZATION_INDEPENDENCE_CONTROL_ONLY"
    },
    {
      "id": "scrambling",
      "pass": true,
      "authority": "SYNTHETIC_REALIZATION_INDEPENDENCE_CONTROL_ONLY"
    },
    {
      "id": "recoverable_subject_ellipsis",
      "pass": true,
      "authority": "SYNTHETIC_REALIZATION_INDEPENDENCE_CONTROL_ONLY"
    },
    {
      "id": "role_change_negative",
      "pass": true,
      "authority": "SYNTHETIC_REALIZATION_INDEPENDENCE_CONTROL_ONLY"
    },
    {
      "id": "polarity_negative",
      "pass": true,
      "authority": "SYNTHETIC_REALIZATION_INDEPENDENCE_CONTROL_ONLY"
    }
  ]
}
