{
  "verdict": "PASS_SELECTION_SHIFT_ESTABLISHED_NATURAL_FRONTIER_NOT_REOPENED",
  "certifiable_natural": 0,
  "frontier_reopened": false,
  "ceiling": "NEIGHBORHOOD_SPARSITY",
  "validation": {
    "holdout_118": true,
    "presealed_controls": true,
    "index_not_all_pairs": true,
    "inherited_r3_controls": true,
    "proof_count": true,
    "roundtrip_for_fusion_certificates": true,
    "pass": true
  },
  "selection_shift": {
    "phase": "G9-P36-R5",
    "papers_expected": 118,
    "papers_discovered": 118,
    "response_files": 165,
    "obligations": 4849,
    "representation_complete_obligations": 1301,
    "legacy_geometry_pairs": 7191,
    "r5_neighborhood_pairs": 0,
    "pair_intersection": 0,
    "r5_only": 0,
    "legacy_only": 7191,
    "selection_jaccard": 0,
    "index_stats": {
      "items": 4849,
      "signature_atom_postings": 9961,
      "shared_pair_keys": 0,
      "emitted_pairs": 0,
      "global_all_pairs": false
    }
  }
}
