{
  "phase": "G9-P36-R7",
  "law": {
    "version": "C3-R7-REM-v1",
    "nullVersion": "C3-R7-ADJACENCY-NULL-v1",
    "nullReplicates": 127,
    "nullSeed": "KSGT-G9-P36-R7-20260925",
    "alpha": 0.05,
    "globalAllPairs": false
  },
  "source_status": "PREVIOUSLY_OPENED_R5_R6_SOURCE_NEW_PRESEALED_R7_QUESTION",
  "papers_expected": 118,
  "papers_discovered": 118,
  "response_files": 165,
  "obligations": 4849,
  "representation_complete_obligations": 1301,
  "relation_motif": {
    "items": 1161,
    "relation_postings": 5480,
    "shared_pair_keys": 30,
    "exploratory_edge_recurrence_pairs": 10,
    "connected_chain_pairs_any_paper": 2,
    "primary_cross_paper_connected_chain_pairs": 0,
    "global_all_pairs": false
  },
  "lexical_collision_null": {
    "replicates": 127,
    "seed": "KSGT-G9-P36-R7-20260925",
    "observed": 0,
    "null_mean": 0,
    "null_min": 0,
    "null_median": 0,
    "null_p95": 0,
    "null_max": 0,
    "ge_observed": 127,
    "plus_one_p": 1,
    "alpha": 0.05,
    "pass": false
  },
  "promotion": {
    "primary_witness_pairs": 0,
    "micro_reuse_authority": "NOT_PROMOTED",
    "semantic_equivalence_authority": "NOT_GRANTED",
    "fusion_authority": "NOT_GRANTED"
  }
}
